<html>
<body>
<pre>
<h1>µVision Build Log</h1>
<h2>Tool Versions:</h2>
IDE-Version: µVision V5.17.0.0
Copyright (C) 2015 ARM Ltd and ARM Germany GmbH. All rights reserved.
License Information: œÂÚ »‚‡ÌÓ‚, Ã√“”, LIC=KIV74-FGEL5-MPIZP-M9GB2-SU4XM-3N49D
 
Tool Versions:
Toolchain:       MDK-ARM Professional  Version: 5.17
Toolchain Path:  C:\Keil_v5\ARM\ARMCC\Bin
C Compiler:      Armcc.exe V5.06 update 1 (build 61)
Assembler:       Armasm.exe V5.06 update 1 (build 61)
Linker/Locator:  ArmLink.exe V5.06 update 1 (build 61)
Library Manager: ArmAr.exe V5.06 update 1 (build 61)
Hex Converter:   FromElf.exe V5.06 update 1 (build 61)
CPU DLL:         SARMCM3.DLL V5.17
Dialog DLL:      DCM.DLL V1.13.4.0
Target DLL:      UL2CM3.DLL V1.156.1.0
Dialog DLL:      TCM.DLL V1.14.6.0
 
<h2>Project:</h2>
C:\Users\ﬂ„Û‰ËÌ\OneDrive\Documents\stud\depart\keil\milandr\project.uvprojx
Project File Date:  02/28/2018

<h2>Output:</h2>
*** Using Compiler 'V5.06 update 1 (build 61)', folder: 'C:\Keil_v5\ARM\ARMCC\Bin'
Build target 'main'
assembling startup_MDR32F9Qx.s...
compiling system_MDR32F9Qx.c...
compiling main.c...
defines.h(11): warning:  #1-D: last line of file ends without a newline
  #define CPU_FREQ 80000000
inits.h(212): warning:  #1-D: last line of file ends without a newline
  }
L2G2IS.h(29): warning:  #1-D: last line of file ends without a newline
  #define L2G_CTRL_REG4_FS_Pos 3
SPI.h(15): warning:  #550-D: variable "dummy" was set but never used
      char dummy;
CAN.h(7): warning:  #1-D: last line of file ends without a newline
  }
SysTick.h(12): warning:  #1-D: last line of file ends without a newline
  }
PID.h(14): warning:  #1-D: last line of file ends without a newline
  }
main.c(35): warning:  #177-D: variable "data" was declared but never referenced
      char data;
main.c(88): warning:  #1441-D: nonstandard cast on lvalue
              (int)(PID.sum_sens) = 
DR_CAN1->CAN_BUF[1].DATAH;
main.c(94): warning:  #1441-D: nonstandard cast on lvalue
              (int)(PID.lin_sens) = 
DR_CAN1->CAN_BUF[1].DATAH;
main.c: 10 warnings, 0 errors
linking...
Program Size: Code=9496 RO-data=512 RW-data=44 ZI-data=1636  
".\Objects\project.axf" - 0 Error(s), 10 Warning(s).

<h2>Software Packages used:</h2>

Package Vendor: ARM
                http://www.keil.com/pack/ARM.CMSIS.4.5.0.pack
                ARM::CMSIS:DSP:1.4.6
                CMSIS (Cortex Microcontroller Software Interface Standard)
   * Component: DSP Version: 1.4.6
   * Component: CORE Version: 4.3.0

Package Vendor: Keil
                http://www.keil.com/pack/Keil.MDR1986BExx.1.4.pack
                Keil::Device:Startup_MDR1986BE9x:1.3.1
                Milandr MDR1986BExx Series Device Support, Drivers and Examples
   * Component: Startup_MDR1986BE9x Version: 1.3.1

<h2>Collection of Component include folders:</h2>
  C:\Users\ﬂ„Û‰ËÌ\OneDrive\Documents\stud\depart\keil\milandr\RTE
  C:\Users\ﬂ„Û‰ËÌ\OneDrive\Documents\stud\depart\keil\milandr\RTE\Device\MDR1986BE92
  C:\Keil_v5\ARM\PACK\ARM\CMSIS\4.5.0\CMSIS\Include
  C:\Keil_v5\ARM\PACK\Keil\MDR1986BExx\1.4\Config
  C:\Keil_v5\ARM\PACK\Keil\MDR1986BExx\1.4\Libraries\CMSIS\CM3\CoreSupport
  C:\Keil_v5\ARM\PACK\Keil\MDR1986BExx\1.4\Libraries\CMSIS\CM3\DeviceSupport\MDR32F9Qx\inc

<h2>Collection of Component Files used:</h2>

   * Component: ARM::CMSIS:DSP:1.4.6
      Library file:  CMSIS\Lib\ARM\arm_cortexM3l_math.lib
      Include file:  CMSIS\Include\arm_math.h

   * Component: ARM::CMSIS:CORE:4.3.0

   * Component: Keil::Device:Startup_MDR1986BE9x:1.3.1
      Source file:   Libraries\CMSIS\CM3\DeviceSupport\MDR32F9Qx\startup\arm\startup_MDR32F9Qx.s
      Include file:  Config\MDR32F9Qx_config.h
      Source file:   Libraries\CMSIS\CM3\DeviceSupport\MDR32F9Qx\startup\arm\system_MDR32F9Qx.c
      Include file:  Libraries\CMSIS\CM3\CoreSupport\core_cm3.h
      Include file:  Libraries\CMSIS\CM3\DeviceSupport\MDR32F9Qx\startup\arm\system_MDR32F9Qx.h
Build Time Elapsed:  00:00:03
</pre>
</body>
</html>
