<html>
<body>
<pre>
<h1>µVision Build Log</h1>
<h2>Tool Versions:</h2>
IDE-Version: µVision V5.28.0.0
Copyright (C) 2019 ARM Ltd and ARM Germany GmbH. All rights reserved.
License Information: gel0 gel0, gel0, LIC=----
 
Tool Versions:
Toolchain:       MDK-Lite  Version: 5.28.0.0
Toolchain Path:  D:\Soft\Keil_v5\ARM\ARMCC\Bin
C Compiler:      Armcc.exe V5.06 update 6 (build 750)
Assembler:       Armasm.exe V5.06 update 6 (build 750)
Linker/Locator:  ArmLink.exe V5.06 update 6 (build 750)
Library Manager: ArmAr.exe V5.06 update 6 (build 750)
Hex Converter:   FromElf.exe V5.06 update 6 (build 750)
CPU DLL:         SARMCM3.DLL V5.28.0.0
Dialog DLL:      DCM.DLL V1.17.3.0
Target DLL:      STLink\ST-LINKIII-KEIL_SWO.dll V3.0.6.0
Dialog DLL:      TCM.DLL V1.36.2.0
 
<h2>Project:</h2>
D:\92\polynkov\milandr\project.uvprojx
Project File Date:  11/07/2019

<h2>Output:</h2>
*** Using Compiler 'V5.06 update 6 (build 750)', folder: 'D:\Soft\Keil_v5\ARM\ARMCC\Bin'
Build target 'main'
compiling main.c...
defines.h(11): warning:  #1-D: last line of file ends without a newline
  #define CPU_FREQ 80000000
inits.h(362): warning:  #1-D: last line of file ends without a newline
  }
L2G2IS.h(32): warning:  #1-D: last line of file ends without a newline
  #define L2G_CTRL_REG4_FS_Pos 3
SPI.h(27): warning:  #550-D: variable "dummy"  was set but never used
      char dummy;
SPI.h(48): warning:  #550-D: variable "dummy"  was set but never used
      char dummy;
SPI.h(69): warning:  #550-D: variable "dummy"  was set but never used
      char dummy;
board.h(118): warning:  #1-D: last line of file ends without a newline
  #undef SPI_CS_DEL_CNT
CAN.h(6): warning:  #1-D: last line of file ends without a newline
  }
SysTick.h(12): warning:  #1-D: last line of file ends without a newline
  }
PID.h(14): warning:  #1-D: last line of file ends without a newline
  }
sensor.h(14): warning:  #1-D: last line of file ends without a newline
  }
sensor_type_defines.h(37): warning:  #1-D: last line of file ends without a newline
  #endif
main.c(55): warning:  #1295-D: Deprecated declaration uartInit - give arg types
  void uartInit();
main.c(56): warning:  #1295-D: Deprecated declaration sendMpuData - give arg types
  void sendMpuData();
main.c(57): warning:  #1295-D: Deprecated declaration sendL2gData - give arg types
  void sendL2gData();
main.c(58): warning:  #1295-D: Deprecated declaration sendLsmData - give arg types
  void sendLsmData();
main.c(59): warning:  #1295-D: Deprecated declaration sendEndOfPacketSymbol - give arg types
  void sendEndOfPacketSymbol();
main.c(60): warning:  #1295-D: Deprecated declaration sendError - give arg types
  void sendError();
main.c(107): warning:  #223-D: function "sprintf" declared implicitly
  			sprintf(l2g_ox_data, "%f", l2g_omega_x);
main.c(151): warning:  #223-D: function "strcmp" declared implicitly
  				if (!strcmp(receive_data, "get1data")) {
main.c(162): warning:  #223-D: function "strcpy" declared implicitly
  				strcpy(receive_data, " ");
main.c(197): warning:  #223-D: function "strlen" declared implicitly
  	for (int i = 0; i < strlen(EOP); i++) {
main.c(298): warning:  #1-D: last line of file ends without a newline
  }
main.c: 23 warnings, 0 errors
linking...
Program Size: Code=12036 RO-data=400 RW-data=176 ZI-data=1632  
".\Objects\project.axf" - 0 Error(s), 23 Warning(s).

<h2>Software Packages used:</h2>

Package Vendor: ARM
                http://www.keil.com/pack/ARM.CMSIS.5.5.1.pack
                ARM.CMSIS.5.5.1
                CMSIS (Cortex Microcontroller Software Interface Standard)
   * Component: CORE Version: 5.2.0
   * Component: DSP Variant: Library Version: 1.6.0

Package Vendor: Keil
                http://www.keil.com/pack/Keil.MDR1986BExx.1.5.3.pack
                Keil.MDR1986BExx.1.5.3
                Milandr MDR1986BExx Series Device Support, Drivers and Examples
   * Component: Startup Version: 1.5
   * Component: PORT Version: 1.5
   * Component: POWER Version: 1.5
   * Component: RST_CLK Version: 1.5
   * Component: UART Version: 1.5
   * Component: USB Version: 1.5

<h2>Collection of Component include folders:</h2>
  .\RTE\Device\MDR1986BE92
  .\RTE\_main
  C:\Users\Leshi\AppData\Local\Arm\Packs\ARM\CMSIS\5.5.1\CMSIS\Core\Include
  C:\Users\Leshi\AppData\Local\Arm\Packs\ARM\CMSIS\5.5.1\CMSIS\DSP\Include
  C:\Users\Leshi\AppData\Local\Arm\Packs\Keil\MDR1986BExx\1.5.3\Libraries\CMSIS\CM3\CoreSupport
  C:\Users\Leshi\AppData\Local\Arm\Packs\Keil\MDR1986BExx\1.5.3\Libraries\CMSIS\CM3\DeviceSupport\MDR32F9Qx\inc
  C:\Users\Leshi\AppData\Local\Arm\Packs\Keil\MDR1986BExx\1.5.3\Libraries\MDR32F9Qx_StdPeriph_Driver\inc

<h2>Collection of Component Files used:</h2>

   * Component: ARM::CMSIS:CORE:5.2.0

   * Component: ARM::CMSIS:DSP:Library:1.6.0
      Include file:  CMSIS\DSP\Include\arm_math.h
      Library file:  CMSIS\DSP\Lib\ARM\arm_cortexM3l_math.lib

   * Component: Keil::Device:Startup:1.5
      Include file:  Config\MDR32F9Qx_config.h
      Source file:   Libraries\CMSIS\CM3\DeviceSupport\MDR32F9Qx\startup\arm\startup_MDR32F9Qx.s
      Source file:   Libraries\CMSIS\CM3\DeviceSupport\MDR32F9Qx\startup\arm\system_MDR32F9Qx.c
      Include file:  Libraries\CMSIS\CM3\DeviceSupport\MDR32F9Qx\startup\arm\system_MDR32F9Qx.h
      Include file:  Libraries\CMSIS\CM3\CoreSupport\core_cm3.h

   * Component: Keil::Drivers:PORT:1.5
      Source file:   Libraries\MDR32F9Qx_StdPeriph_Driver\src\MDR32F9Qx_port.c
      Include file:  Libraries\MDR32F9Qx_StdPeriph_Driver\inc\MDR32F9Qx_port.h

   * Component: Keil::Drivers:POWER:1.5
      Include file:  Libraries\MDR32F9Qx_StdPeriph_Driver\inc\MDR32F9Qx_power.h
      Source file:   Libraries\MDR32F9Qx_StdPeriph_Driver\src\MDR32F9Qx_power.c

   * Component: Keil::Drivers:RST_CLK:1.5
      Include file:  Libraries\MDR32F9Qx_StdPeriph_Driver\inc\MDR32F9Qx_rst_clk.h
      Source file:   Libraries\MDR32F9Qx_StdPeriph_Driver\src\MDR32F9Qx_rst_clk.c

   * Component: Keil::Drivers:UART:1.5
      Source file:   Libraries\MDR32F9Qx_StdPeriph_Driver\src\MDR32F9Qx_uart.c
      Include file:  Libraries\MDR32F9Qx_StdPeriph_Driver\inc\MDR32F9Qx_uart.h

   * Component: Keil::Drivers:USB:1.5
      Source file:   Libraries\MDR32F9Qx_StdPeriph_Driver\src\MDR32F9Qx_usb.c
      Include file:  Libraries\MDR32F9Qx_StdPeriph_Driver\inc\MDR32F9Qx_usb.h
Build Time Elapsed:  00:00:02
</pre>
</body>
</html>
